============================= test session starts ==============================
platform linux -- Python 3.12.14, pytest-9.1.1, pluggy-1.6.0 -- /agent/workspace/content-os/.venv/bin/python
rootdir: /agent/workspace/content-os
configfile: ../../../dev/null
collecting ... collected 71 items

../../agent/workspace/content-os/backend/tests_identity/test_combined_boundary.py::test_foundation_accounting_still_works_after_identity_upgrade PASSED [  1%]
../../agent/workspace/content-os/backend/tests_identity/test_combined_boundary.py::test_oidc_exchange_has_a_total_wall_clock_deadline PASSED [  2%]
../../agent/workspace/content-os/backend/tests_identity/test_combined_boundary.py::test_session_cannot_reference_another_users_identity PASSED [  4%]
../../agent/workspace/content-os/backend/tests_identity/test_identity.py::test_signed_fake_oidc_real_session_no_tokens_stored PASSED [  5%]
../../agent/workspace/content-os/backend/tests_identity/test_identity.py::test_real_asgi_workspaces_brands_and_role_denials PASSED [  7%]
../../agent/workspace/content-os/backend/tests_identity/test_identity.py::test_onboarding_requires_explicit_authorization_never_email_owner PASSED [  8%]
../../agent/workspace/content-os/backend/tests_identity/test_identity.py::test_schema_audit_and_migration_preservation PASSED [  9%]
../../agent/workspace/content-os/backend/tests_identity/test_identity.py::test_production_always_refuses PASSED [ 11%]
../../agent/workspace/content-os/backend/tests_identity/test_identity.py::test_openapi_is_generated_runtime_subset PASSED [ 12%]
../../agent/workspace/content-os/backend/tests_identity/test_mutations.py::test_brand_ifmatch_and_idempotency_persisted_once PASSED [ 14%]
../../agent/workspace/content-os/backend/tests_identity/test_mutations.py::test_cursor_pagination_scoped_signed_and_limit PASSED [ 15%]
../../agent/workspace/content-os/backend/tests_identity/test_mutations.py::test_admin_explicit_brand_grants_and_combined_roles PASSED [ 16%]
../../agent/workspace/content-os/backend/tests_identity/test_mutations.py::test_invitation_intended_verified_identity_expiry_and_singleuse PASSED [ 18%]
../../agent/workspace/content-os/backend/tests_identity/test_mutations.py::test_invitation_revoke_authority_and_cross_tenant_brand_rollback PASSED [ 19%]
../../agent/workspace/content-os/backend/tests_identity/test_mutations.py::test_expired_and_wrong_subject_onboarding_cannot_create_workspace PASSED [ 21%]
../../agent/workspace/content-os/backend/tests_identity/test_recovery_review.py::test_nonfinite_and_invalid_lifetimes_cannot_create_session[override0] PASSED [ 22%]
../../agent/workspace/content-os/backend/tests_identity/test_recovery_review.py::test_nonfinite_and_invalid_lifetimes_cannot_create_session[override1] PASSED [ 23%]
../../agent/workspace/content-os/backend/tests_identity/test_recovery_review.py::test_nonfinite_and_invalid_lifetimes_cannot_create_session[override2] PASSED [ 25%]
../../agent/workspace/content-os/backend/tests_identity/test_recovery_review.py::test_nonfinite_and_invalid_lifetimes_cannot_create_session[override3] PASSED [ 26%]
../../agent/workspace/content-os/backend/tests_identity/test_recovery_review.py::test_nonfinite_and_invalid_lifetimes_cannot_create_session[override4] PASSED [ 28%]
../../agent/workspace/content-os/backend/tests_identity/test_recovery_review.py::test_exact_host_is_checked_even_on_anonymous_endpoints[attacker.invalid] PASSED [ 29%]
../../agent/workspace/content-os/backend/tests_identity/test_recovery_review.py::test_exact_host_is_checked_even_on_anonymous_endpoints[app.fixture.invalid:444] PASSED [ 30%]
../../agent/workspace/content-os/backend/tests_identity/test_recovery_review.py::test_invitation_listing_exposes_revision_for_safe_revoke PASSED [ 32%]
../../agent/workspace/content-os/backend/tests_identity/test_recovery_review.py::test_database_io_does_not_run_on_the_asgi_event_loop PASSED [ 33%]
../../agent/workspace/content-os/backend/tests_identity/test_recovery_review.py::test_concurrent_session_mutations_do_not_deadlock PASSED [ 35%]
../../agent/workspace/content-os/backend/tests_identity/test_recovery_review.py::test_head_rerun_audits_identity_role_drift PASSED [ 36%]
../../agent/workspace/content-os/backend/tests_identity/test_recovery_review.py::test_identity_revision_preserves_prior_history_and_audits PASSED [ 38%]
../../agent/workspace/content-os/backend/tests_identity/test_recovery_review.py::test_null_sql_page_limit_is_rejected PASSED [ 39%]
../../agent/workspace/content-os/backend/tests_identity/test_recovery_review.py::test_token_response_is_bounded_before_authlib_parsing PASSED [ 40%]
../../agent/workspace/content-os/backend/tests_identity/test_recovery_review.py::test_compressed_token_response_is_refused PASSED [ 42%]
../../agent/workspace/content-os/backend/tests_identity/test_security.py::test_signed_id_token_claim_failures_never_create_session[override0] PASSED [ 43%]
../../agent/workspace/content-os/backend/tests_identity/test_security.py::test_signed_id_token_claim_failures_never_create_session[override1] PASSED [ 45%]
../../agent/workspace/content-os/backend/tests_identity/test_security.py::test_signed_id_token_claim_failures_never_create_session[override2] PASSED [ 46%]
../../agent/workspace/content-os/backend/tests_identity/test_security.py::test_signed_id_token_claim_failures_never_create_session[override3] PASSED [ 47%]
../../agent/workspace/content-os/backend/tests_identity/test_security.py::test_signed_id_token_claim_failures_never_create_session[override4] PASSED [ 49%]
../../agent/workspace/content-os/backend/tests_identity/test_security.py::test_signed_id_token_claim_failures_never_create_session[override5] PASSED [ 50%]
../../agent/workspace/content-os/backend/tests_identity/test_security.py::test_signed_id_token_claim_failures_never_create_session[override6] PASSED [ 52%]
../../agent/workspace/content-os/backend/tests_identity/test_security.py::test_signed_id_token_claim_failures_never_create_session[override7] PASSED [ 53%]
../../agent/workspace/content-os/backend/tests_identity/test_security.py::test_signed_id_token_claim_failures_never_create_session[override8] PASSED [ 54%]
../../agent/workspace/content-os/backend/tests_identity/test_security.py::test_signed_id_token_claim_failures_never_create_session[override9] PASSED [ 56%]
../../agent/workspace/content-os/backend/tests_identity/test_security.py::test_signed_id_token_claim_failures_never_create_session[override10] PASSED [ 57%]
../../agent/workspace/content-os/backend/tests_identity/test_security.py::test_signed_id_token_claim_failures_never_create_session[override11] PASSED [ 59%]
../../agent/workspace/content-os/backend/tests_identity/test_security.py::test_jwks_algorithm_and_key_selection_defenses[bad_signature] PASSED [ 60%]
../../agent/workspace/content-os/backend/tests_identity/test_security.py::test_jwks_algorithm_and_key_selection_defenses[unknown_kid] PASSED [ 61%]
../../agent/workspace/content-os/backend/tests_identity/test_security.py::test_jwks_algorithm_and_key_selection_defenses[duplicate_kid] PASSED [ 63%]
../../agent/workspace/content-os/backend/tests_identity/test_security.py::test_jwks_algorithm_and_key_selection_defenses[jku] PASSED [ 64%]
../../agent/workspace/content-os/backend/tests_identity/test_security.py::test_jwks_algorithm_and_key_selection_defenses[x5u] PASSED [ 66%]
../../agent/workspace/content-os/backend/tests_identity/test_security.py::test_jwks_algorithm_and_key_selection_defenses[embedded_jwk] PASSED [ 67%]
../../agent/workspace/content-os/backend/tests_identity/test_security.py::test_jwks_algorithm_and_key_selection_defenses[hmac] PASSED [ 69%]
../../agent/workspace/content-os/backend/tests_identity/test_security.py::test_jwks_algorithm_and_key_selection_defenses[none] PASSED [ 70%]
../../agent/workspace/content-os/backend/tests_identity/test_security.py::test_jwks_algorithm_and_key_selection_defenses[weak_rsa] PASSED [ 71%]
../../agent/workspace/content-os/backend/tests_identity/test_security.py::test_state_browser_binding_singleuse_and_login_rate_limit PASSED [ 73%]
../../agent/workspace/content-os/backend/tests_identity/test_security.py::test_expired_login_transaction_rejected_before_network PASSED [ 74%]
../../agent/workspace/content-os/backend/tests_identity/test_security.py::test_no_email_identity_linking_same_subject_reuses_identity PASSED [ 76%]
../../agent/workspace/content-os/backend/tests_identity/test_security.py::test_cookie_samesite_is_not_csrf[no_csrf] PASSED [ 77%]
../../agent/workspace/content-os/backend/tests_identity/test_security.py::test_cookie_samesite_is_not_csrf[bad_csrf] PASSED [ 78%]
../../agent/workspace/content-os/backend/tests_identity/test_security.py::test_cookie_samesite_is_not_csrf[no_origin] PASSED [ 80%]
../../agent/workspace/content-os/backend/tests_identity/test_security.py::test_cookie_samesite_is_not_csrf[foreign_origin] PASSED [ 81%]
../../agent/workspace/content-os/backend/tests_identity/test_security.py::test_cookie_samesite_is_not_csrf[null_origin] PASSED [ 83%]
../../agent/workspace/content-os/backend/tests_identity/test_security.py::test_logout_session_expiry_and_pooled_actor_reset PASSED [ 84%]
../../agent/workspace/content-os/backend/tests_identity/test_security.py::test_unsupported_transaction_snapshot_rejected[REPEATABLE READ] PASSED [ 85%]
../../agent/workspace/content-os/backend/tests_identity/test_security.py::test_unsupported_transaction_snapshot_rejected[SERIALIZABLE] PASSED [ 87%]
../../agent/workspace/content-os/backend/tests_identity/test_security.py::test_no_direct_sensitive_dml_or_cross_role_impersonation PASSED [ 88%]
../../agent/workspace/content-os/backend/tests_identity/test_security.py::test_session_revoke_race_serializes_and_next_request_denied PASSED [ 90%]
../../agent/workspace/content-os/backend/tests_identity/test_security.py::test_committed_grant_revocation_wins_over_old_snapshot PASSED [ 91%]
../../agent/workspace/content-os/backend/tests_identity/test_security.py::test_privilege_audit_rejects_drift[public_function] PASSED [ 92%]
../../agent/workspace/content-os/backend/tests_identity/test_security.py::test_privilege_audit_rejects_drift[runtime_function] PASSED [ 94%]
../../agent/workspace/content-os/backend/tests_identity/test_security.py::test_privilege_audit_rejects_drift[auth_dml] PASSED [ 95%]
../../agent/workspace/content-os/backend/tests_identity/test_security.py::test_privilege_audit_rejects_drift[runtime_column] PASSED [ 97%]
../../agent/workspace/content-os/backend/tests_identity/test_security.py::test_privilege_audit_rejects_drift[rls_disabled] PASSED [ 98%]
../../agent/workspace/content-os/backend/tests_identity/test_security.py::test_privilege_audit_rejects_drift[role_super] PASSED [100%]

=============================== warnings summary ===============================
../../agent/workspace/content-os/.venv/lib/python3.12/site-packages/fastapi/testclient.py:1
  /agent/workspace/content-os/.venv/lib/python3.12/site-packages/fastapi/testclient.py:1: StarletteDeprecationWarning: Using `httpx` with `starlette.testclient` is deprecated; install `httpx2` instead.
    from starlette.testclient import TestClient as TestClient  # noqa

../../agent/workspace/content-os/.venv/lib/python3.12/site-packages/starlette/testclient.py:53
  /agent/workspace/content-os/.venv/lib/python3.12/site-packages/starlette/testclient.py:53: DeprecationWarning: The anyio.abc.BlockingPortal alias is deprecated, use anyio.from_thread.BlockingPortal instead.
    _PortalFactoryType = Callable[[], AbstractContextManager[anyio.abc.BlockingPortal]]

-- Docs: https://docs.pytest.org/en/stable/how-to/capture-warnings.html
- generated xml file: /agent/workspace/content-os/docs/evidence/m1/identity/pytest.xml -
======================= 71 passed, 2 warnings in 16.26s ========================


Disposable identity PostgreSQL tests exit: 0
